Flutter crash report.
Please report a bug at https://github.com/flutter/flutter/issues.

## command

flutter test --reporter expanded

## exception

TimeoutException: TimeoutException after 0:05:00.000000: Could not acquire the lock to Z:\home\moaz\FindBack\mobile\.dart_tool\hooks_runner\shared\sqlite3\.lock.

```
#0      _runUnderFileLock (package:hooks_runner/src/locking/locking.dart:127:3)
<asynchronous suspension>
#1      runUnderDirectoriesLock (package:hooks_runner/src/locking/locking.dart:21:10)
<asynchronous suspension>
#2      NativeAssetsBuildRunner._runHookForPackageCached.<anonymous closure> (package:hooks_runner/src/build_runner/build_runner.dart:448:17)
<asynchronous suspension>
#3      NativeAssetsBuildRunner._timeAsync (package:hooks_runner/src/build_runner/build_runner.dart:1189:14)
<asynchronous suspension>
#4      NativeAssetsBuildRunner.build.<anonymous closure> (package:hooks_runner/src/build_runner/build_runner.dart:198:22)
<asynchronous suspension>
#5      NativeAssetsBuildRunner._timeAsync (package:hooks_runner/src/build_runner/build_runner.dart:1189:14)
<asynchronous suspension>
#6      FlutterNativeAssetsBuildRunnerImpl.build (package:flutter_tools/src/isolated/native_assets/native_assets.dart:616:60)
<asynchronous suspension>
#7      _build (package:flutter_tools/src/isolated/native_assets/native_assets.dart:910:36)
<asynchronous suspension>
#8      runFlutterSpecificBuildHooks (package:flutter_tools/src/isolated/native_assets/native_assets.dart:192:37)
<asynchronous suspension>
#9      runFlutterSpecificHooks (package:flutter_tools/src/isolated/native_assets/native_assets.dart:91:61)
<asynchronous suspension>
#10     testCompilerBuildNativeAssets (package:flutter_tools/src/isolated/native_assets/test/native_assets.dart:74:42)
<asynchronous suspension>
#11     TestCommand.runCommand (package:flutter_tools/src/commands/test.dart:504:11)
<asynchronous suspension>
#12     FlutterCommand.run.<anonymous closure> (package:flutter_tools/src/runner/flutter_command.dart:1663:27)
<asynchronous suspension>
#13     AppContext.run.<anonymous closure> (package:flutter_tools/src/base/context.dart:154:19)
<asynchronous suspension>
#14     CommandRunner.runCommand (package:args/command_runner.dart:212:13)
<asynchronous suspension>
#15     FlutterCommandRunner.runCommand.<anonymous closure> (package:flutter_tools/src/runner/flutter_command_runner.dart:496:9)
<asynchronous suspension>
#16     AppContext.run.<anonymous closure> (package:flutter_tools/src/base/context.dart:154:19)
<asynchronous suspension>
#17     FlutterCommandRunner.runCommand (package:flutter_tools/src/runner/flutter_command_runner.dart:431:5)
<asynchronous suspension>
#18     FlutterCommandRunner.run.<anonymous closure> (package:flutter_tools/src/runner/flutter_command_runner.dart:307:33)
<asynchronous suspension>
#19     run.<anonymous closure>.<anonymous closure> (package:flutter_tools/runner.dart:104:11)
<asynchronous suspension>
#20     AppContext.run.<anonymous closure> (package:flutter_tools/src/base/context.dart:154:19)
<asynchronous suspension>
#21     main (package:flutter_tools/executable.dart:103:3)
<asynchronous suspension>
```

## flutter doctor

```
[✓] Flutter (Channel stable, 3.47.5, on Microsoft Windows [Version 10.0.26300.9457], locale en-US) [411ms]
    • Flutter version 3.47.5 on channel stable at D:\flutter
    • Upstream repository https://github.com/flutter/flutter.git
    • Framework revision 6a19cca564 (2 weeks ago), 2026-09-17 14:13:22 -0400
    • Engine revision af7e796e16
    • Dart version 3.13.4
    • DevTools version 2.60.0
    • Feature flags: enable-web, enable-linux-desktop, enable-macos-desktop, enable-windows-desktop, enable-android, enable-ios, cli-animations, enable-native-assets, enable-record-use, enable-swift-package-manager, omit-legacy-version-file, enable-lldb-debugging, enable-uiscene-migration

[✓] Windows Version (Windows 11 or higher, 26H2, 2009) [2.5s]

[✓] Android toolchain - develop for Android devices (Android SDK version 36.0.0) [984ms]
    • Android SDK at C:\Users\moaza\AppData\Local\Android\sdk
    • Emulator version 37.1.11.0 (build_id 15917651) (CL:N/A)
    • Platform android-37.0, build-tools 36.0.0
    • Java binary at: D:\Android Studio\jbr\bin\java
      This is the JDK bundled with the latest Android Studio installation on this machine.
      To manually set the JDK path, use: `flutter config --jdk-dir="path/to/jdk"`.
    • Java version OpenJDK Runtime Environment (build 25.0.3+-15898627-b508.16)
    • All Android licenses accepted.

[✗] Chrome - develop for the web (Cannot find Chrome executable at .\Google\Chrome\Application\chrome.exe) [26ms]
    ! Cannot find Chrome. Try setting CHROME_EXECUTABLE to a Chrome executable.

[✗] Visual Studio - develop Windows apps [22ms]
    ✗ Visual Studio not installed; this is necessary to develop Windows apps.
      Download at https://visualstudio.microsoft.com/downloads/.
      Please install the "Desktop development with C++" workload, including all of its default components

[✓] Connected device (2 available) [384ms]
    • Windows (desktop) • windows • windows-x64    • Microsoft Windows [Version 10.0.26300.9457]
    • Edge (web)        • edge    • web-javascript • Microsoft Edge 154.0.4258.37

[✓] Network resources [953ms]
    • All expected network resources are available.

! Doctor found issues in 2 categories.
```
